==303== Memcheck, a memory error detector
==303== Copyright (C) 2002-2022, and GNU GPL'd, by Julian Seward et al.
==303== Using Valgrind-3.22.0 and LibVEX; rerun with -h for copyright info
==303== Command: /root/nephele-lvp-venv/bin/python /mnt/d/forge3d/.worktrees/nephele-172-completion/.tmp/nephele-round2/handoff/lvp_bisect.py media_only
==303== Parent PID: 302
==303== 
==303== Thread 25:
==303== Invalid read of size 8
==303==    at 0x601441DC: ???
==303==    by 0x6013FC47: ???
==303==    by 0x4A9E2975: llvm_pipeline_generic.constprop.0.isra.0 (draw_pt_fetch_shade_pipeline_llvm.c:556)
==303==    by 0x4A9E31A5: llvm_middle_end_linear_run (draw_pt_fetch_shade_pipeline_llvm.c:809)
==303==    by 0x4A98C54A: vsplit_segment_simple_linear (draw_pt_vsplit_tmp.h:223)
==303==    by 0x4A98C54A: vsplit_run_linear (draw_split_tmp.h:106)
==303==    by 0x4A985191: draw_pt_arrays.isra.0 (draw_pt.c:161)
==303==    by 0x4A98555F: draw_pt_arrays_restart (draw_pt.c:430)
==303==    by 0x4A98555F: draw_instances (draw_pt.c:491)
==303==    by 0x4A985A2C: draw_vbo (draw_pt.c:628)
==303==    by 0x4AB83B4C: llvmpipe_draw_vbo (lp_draw_arrays.c:150)
==303==    by 0x4A8E95CD: handle_draw (lvp_execute.c:1882)
==303==    by 0x4A8E95CD: lvp_execute_cmd_buffer (lvp_execute.c:5028)
==303==    by 0x4A8EB089: lvp_execute_cmds (lvp_execute.c:5410)
==303==    by 0x4A8D7C4B: lvp_queue_submit (lvp_device.c:1723)
==303==    by 0x4A8D7C4B: lvp_queue_submit (lvp_device.c:1688)
==303==    by 0x4A879DA5: vk_queue_submit_final (vk_queue.c:717)
==303==    by 0x4A87A05D: vk_queue_submit_thread_func (vk_queue.c:832)
==303==    by 0x4A971B0B: impl_thrd_routine (threads_posix.c:43)
==303==    by 0x4A2FB83: start_thread (pthread_create.c:447)
==303==    by 0x4ABCCC3: clone (clone.S:100)
==303==  Address 0x60133040 is not stack'd, malloc'd or (recently) free'd
==303== 
==303== 
==303== Process terminating with default action of signal 11 (SIGSEGV)
==303==  Access not within mapped region at address 0x60133040
==303==    at 0x601441DC: ???
==303==    by 0x6013FC47: ???
==303==    by 0x4A9E2975: llvm_pipeline_generic.constprop.0.isra.0 (draw_pt_fetch_shade_pipeline_llvm.c:556)
==303==    by 0x4A9E31A5: llvm_middle_end_linear_run (draw_pt_fetch_shade_pipeline_llvm.c:809)
==303==    by 0x4A98C54A: vsplit_segment_simple_linear (draw_pt_vsplit_tmp.h:223)
==303==    by 0x4A98C54A: vsplit_run_linear (draw_split_tmp.h:106)
==303==    by 0x4A985191: draw_pt_arrays.isra.0 (draw_pt.c:161)
==303==    by 0x4A98555F: draw_pt_arrays_restart (draw_pt.c:430)
==303==    by 0x4A98555F: draw_instances (draw_pt.c:491)
==303==    by 0x4A985A2C: draw_vbo (draw_pt.c:628)
==303==    by 0x4AB83B4C: llvmpipe_draw_vbo (lp_draw_arrays.c:150)
==303==    by 0x4A8E95CD: handle_draw (lvp_execute.c:1882)
==303==    by 0x4A8E95CD: lvp_execute_cmd_buffer (lvp_execute.c:5028)
==303==    by 0x4A8EB089: lvp_execute_cmds (lvp_execute.c:5410)
==303==    by 0x4A8D7C4B: lvp_queue_submit (lvp_device.c:1723)
==303==    by 0x4A8D7C4B: lvp_queue_submit (lvp_device.c:1688)
==303==    by 0x4A879DA5: vk_queue_submit_final (vk_queue.c:717)
==303==    by 0x4A87A05D: vk_queue_submit_thread_func (vk_queue.c:832)
==303==    by 0x4A971B0B: impl_thrd_routine (threads_posix.c:43)
==303==    by 0x4A2FB83: start_thread (pthread_create.c:447)
==303==    by 0x4ABCCC3: clone (clone.S:100)
==303==  If you believe this happened as a result of a stack
==303==  overflow in your program's main thread (unlikely but
==303==  possible), you can try to increase the size of the
==303==  main thread stack using the --main-stacksize= flag.
==303==  The main thread stack size used in this run was 8388608.
==303== 
==303== HEAP SUMMARY:
==303==     in use at exit: 511,646,666 bytes in 647,163 blocks
==303==   total heap usage: 8,798,650 allocs, 8,151,487 frees, 5,979,301,156 bytes allocated
==303== 
==303== LEAK SUMMARY:
==303==    definitely lost: 0 bytes in 0 blocks
==303==    indirectly lost: 0 bytes in 0 blocks
==303==      possibly lost: 63,980,306 bytes in 168,831 blocks
==303==    still reachable: 447,666,360 bytes in 478,332 blocks
==303==                       of which reachable via heuristic:
==303==                         length64           : 2,659,544 bytes in 27,264 blocks
==303==                         newarray           : 5,470 bytes in 35 blocks
==303==         suppressed: 0 bytes in 0 blocks
==303== Rerun with --leak-check=full to see details of leaked memory
==303== 
==303== For lists of detected and suppressed errors, rerun with: -s
==303== ERROR SUMMARY: 1 errors from 1 contexts (suppressed: 0 from 0)
