============================= test session starts =============================
platform win32 -- Python 3.13.14, pytest-9.0.2, pluggy-1.6.0 -- D:\forge3d\.worktrees\nephele-172-completion\.tmp\nephele-completion\approved-env\Scripts\python.exe
benchmark: 4.0.0 (defaults: timer=time.perf_counter disable_gc=False min_rounds=5 min_time=0.000005 max_time=1.0 calibration_precision=10 warmup=False warmup_iterations=100000)
rootdir: D:\forge3d\.worktrees\nephele-172-completion
configfile: pytest.ini
plugins: anyio-4.12.1, asyncio-1.3.0, benchmark-4.0.0, cov-5.0.0, httpx-0.36.0, timeout-2.4.0
asyncio: mode=Mode.STRICT, debug=False, asyncio_default_fixture_loop_scope=None, asyncio_default_test_loop_scope=function
collecting ... collected 152 items

tests/test_nephele_evidence_report.py::test_report_recomputes_all_six_gates_from_bound_evidence PASSED [  0%]
tests/test_nephele_evidence_report.py::test_capture_shaped_sun_diagnostics_interoperate_and_fail_closed PASSED [  1%]
tests/test_nephele_evidence_report.py::test_verifier_accepts_actual_generator_manifest_and_recorder_prefix_schema PASSED [  1%]
tests/test_nephele_evidence_report.py::test_generator_color_pipeline_schema_fails_closed[missing-color pipeline] PASSED [  2%]
tests/test_nephele_evidence_report.py::test_generator_color_pipeline_schema_fails_closed[extra-color pipeline] PASSED [  3%]
tests/test_nephele_evidence_report.py::test_generator_color_pipeline_schema_fails_closed[literal-color pipeline] PASSED [  3%]
tests/test_nephele_evidence_report.py::test_generator_color_pipeline_schema_fails_closed[provenance-not bound] PASSED [  4%]
tests/test_nephele_evidence_report.py::test_windows_runner_arch_x64_matches_unmasked_amd64_platform PASSED [  5%]
tests/test_nephele_evidence_report.py::test_reference_prefix_identity_is_independent_of_worker_count PASSED [  5%]
tests/test_nephele_evidence_report.py::test_gate6_rejects_camera_or_shared_presentation_tampering[camera] PASSED [  6%]
tests/test_nephele_evidence_report.py::test_gate6_rejects_camera_or_shared_presentation_tampering[presentation] PASSED [  7%]
tests/test_nephele_evidence_report.py::test_gate6_rejects_camera_or_shared_presentation_tampering[no-medium-hash] PASSED [  7%]
tests/test_nephele_evidence_report.py::test_gate6_rejects_step_and_readback_accounting_tampering[step-mismatch] PASSED [  8%]
tests/test_nephele_evidence_report.py::test_gate6_rejects_step_and_readback_accounting_tampering[fractional-step] PASSED [  9%]
tests/test_nephele_evidence_report.py::test_gate6_rejects_step_and_readback_accounting_tampering[readback-bytes] PASSED [  9%]
tests/test_nephele_evidence_report.py::test_gate6_rejects_step_and_readback_accounting_tampering[conditional-readback] PASSED [ 10%]
tests/test_nephele_evidence_report.py::test_gate6_rejects_step_and_readback_accounting_tampering[integration-steps] PASSED [ 11%]
tests/test_nephele_evidence_report.py::test_gate6_rejects_step_and_readback_accounting_tampering[fractional-termination] PASSED [ 11%]
tests/test_nephele_evidence_report.py::test_gate6_rejects_step_and_readback_accounting_tampering[energy-missing] PASSED [ 12%]
tests/test_nephele_evidence_report.py::test_gate6_rejects_step_and_readback_accounting_tampering[energy-nonfinite] PASSED [ 13%]
tests/test_nephele_evidence_report.py::test_gate6_rejects_step_and_readback_accounting_tampering[energy-negative] PASSED [ 13%]
tests/test_nephele_evidence_report.py::test_gate6_rejects_step_and_readback_accounting_tampering[energy-string] PASSED [ 14%]
tests/test_nephele_evidence_report.py::test_gate6_rejects_step_and_readback_accounting_tampering[energy-bool] PASSED [ 15%]
tests/test_nephele_evidence_report.py::test_gate6_rejects_step_and_readback_accounting_tampering[single-string] PASSED [ 15%]
tests/test_nephele_evidence_report.py::test_gate6_rejects_step_and_readback_accounting_tampering[multiple-bool] PASSED [ 16%]
tests/test_nephele_evidence_report.py::test_capture_uses_same_acceptance_call_for_medium_disabled_presentation PASSED [ 17%]
tests/test_nephele_evidence_report.py::test_reference_binding_exposes_exact_terrain_classification_arrays PASSED [ 17%]
tests/test_nephele_evidence_report.py::test_reference_provenance_and_convergence_tampering_fails_closed[assembled] PASSED [ 18%]
tests/test_nephele_evidence_report.py::test_reference_provenance_and_convergence_tampering_fails_closed[metric] PASSED [ 19%]
tests/test_nephele_evidence_report.py::test_reference_provenance_and_convergence_tampering_fails_closed[prefix] PASSED [ 19%]
tests/test_nephele_evidence_report.py::test_reference_provenance_and_convergence_tampering_fails_closed[sample-identity] PASSED [ 20%]
tests/test_nephele_evidence_report.py::test_reference_provenance_and_convergence_tampering_fails_closed[spatial-tiles] PASSED [ 21%]
tests/test_nephele_evidence_report.py::test_reference_provenance_and_convergence_tampering_fails_closed[runtime-partition] PASSED [ 21%]
tests/test_nephele_evidence_report.py::test_reference_provenance_and_convergence_tampering_fails_closed[classification] PASSED [ 22%]
tests/test_nephele_evidence_report.py::test_reference_provenance_and_convergence_tampering_fails_closed[scene] PASSED [ 23%]
tests/test_nephele_evidence_report.py::test_reference_provenance_and_convergence_tampering_fails_closed[camera] PASSED [ 23%]
tests/test_nephele_evidence_report.py::test_reference_provenance_and_convergence_tampering_fails_closed[native-runtime] PASSED [ 24%]
tests/test_nephele_evidence_report.py::test_reference_provenance_and_convergence_tampering_fails_closed[eligibility] PASSED [ 25%]
tests/test_nephele_evidence_report.py::test_reference_provenance_and_convergence_tampering_fails_closed[diagnostics] PASSED [ 25%]
tests/test_nephele_evidence_report.py::test_reference_provenance_and_convergence_tampering_fails_closed[unresolved] PASSED [ 26%]
tests/test_nephele_evidence_report.py::test_reference_provenance_and_convergence_tampering_fails_closed[arbitrary] PASSED [ 26%]
tests/test_nephele_evidence_report.py::test_reference_provenance_and_convergence_tampering_fails_closed[diagnostics-host] PASSED [ 27%]
tests/test_nephele_evidence_report.py::test_reference_provenance_and_convergence_tampering_fails_closed[diagnostics-temporal] PASSED [ 28%]
tests/test_nephele_evidence_report.py::test_reference_provenance_and_convergence_tampering_fails_closed[diagnostics-device] PASSED [ 28%]
tests/test_nephele_evidence_report.py::test_reference_provenance_and_convergence_tampering_fails_closed[diagnostics-adapter] PASSED [ 29%]
tests/test_nephele_evidence_report.py::test_reference_provenance_and_convergence_tampering_fails_closed[diagnostics-driver] PASSED [ 30%]
tests/test_nephele_evidence_report.py::test_reference_provenance_and_convergence_tampering_fails_closed[diagnostics-proof] PASSED [ 30%]
tests/test_nephele_evidence_report.py::test_reference_provenance_and_convergence_tampering_fails_closed[diagnostics-step] PASSED [ 31%]
tests/test_nephele_evidence_report.py::test_reference_provenance_and_convergence_tampering_fails_closed[diagnostics-multi] PASSED [ 32%]
tests/test_nephele_evidence_report.py::test_reference_provenance_and_convergence_tampering_fails_closed[diagnostics-luminance] PASSED [ 32%]
tests/test_nephele_evidence_report.py::test_reference_provenance_and_convergence_tampering_fails_closed[diagnostics-energy] PASSED [ 33%]
tests/test_nephele_evidence_report.py::test_reference_module_hash_binds_query_shader_bytes PASSED [ 34%]
tests/test_nephele_evidence_report.py::test_registered_convergence_metrics_survive_measured_ssim_roundoff PASSED [ 34%]
tests/test_nephele_evidence_report.py::test_gate2_rejects_tautological_per_sample_closure PASSED [ 35%]
tests/test_nephele_evidence_report.py::test_gate2_rejects_fractional_non_analog_outcomes PASSED [ 36%]
tests/test_nephele_evidence_report.py::test_gate2_rejects_unbound_homogeneous_medium_identity PASSED [ 36%]
tests/test_nephele_evidence_report.py::test_rejects_self_attested_repository_and_lane_identity[head] PASSED [ 37%]
tests/test_nephele_evidence_report.py::test_rejects_self_attested_repository_and_lane_identity[dirty] PASSED [ 38%]
tests/test_nephele_evidence_report.py::test_rejects_self_attested_repository_and_lane_identity[os] PASSED [ 38%]
tests/test_nephele_evidence_report.py::test_rejects_self_attested_repository_and_lane_identity[lane] PASSED [ 39%]
tests/test_nephele_evidence_report.py::test_rejects_fake_wheel_or_unrelated_native_bytes[fake-wheel] PASSED [ 40%]
tests/test_nephele_evidence_report.py::test_rejects_fake_wheel_or_unrelated_native_bytes[wrong-member] PASSED [ 40%]
tests/test_nephele_evidence_report.py::test_rejects_fake_wheel_or_unrelated_native_bytes[wrong-installed] PASSED [ 41%]
tests/test_nephele_evidence_report.py::test_reference_runtime_requires_retained_wheel_and_native_bytes[wheel] PASSED [ 42%]
tests/test_nephele_evidence_report.py::test_reference_runtime_requires_retained_wheel_and_native_bytes[member] PASSED [ 42%]
tests/test_nephele_evidence_report.py::test_reference_runtime_requires_retained_wheel_and_native_bytes[native] PASSED [ 43%]
tests/test_nephele_evidence_report.py::test_capture_reference_wheel_seam_recomputes_exact_bytes PASSED [ 44%]
tests/test_nephele_evidence_report.py::test_rejects_unmeaningful_or_nonphysical_adapter[vendor-1] PASSED [ 44%]
tests/test_nephele_evidence_report.py::test_rejects_unmeaningful_or_nonphysical_adapter[device_type-VirtualGpu] PASSED [ 45%]
tests/test_nephele_evidence_report.py::test_rejects_unmeaningful_or_nonphysical_adapter[driver-] PASSED [ 46%]
tests/test_nephele_evidence_report.py::test_rejects_unmeaningful_or_nonphysical_adapter[name-NVIDIA Paravirtual GPU] PASSED [ 46%]
tests/test_nephele_evidence_report.py::test_windows_nvidia_vulkan_lane_rejects_dx12_everywhere[context] PASSED [ 47%]
tests/test_nephele_evidence_report.py::test_windows_nvidia_vulkan_lane_rejects_dx12_everywhere[requested] PASSED [ 48%]
tests/test_nephele_evidence_report.py::test_windows_nvidia_vulkan_lane_rejects_dx12_everywhere[probe] PASSED [ 48%]
tests/test_nephele_evidence_report.py::test_windows_nvidia_vulkan_lane_rejects_dx12_everywhere[run-a] PASSED [ 49%]
tests/test_nephele_evidence_report.py::test_windows_nvidia_vulkan_lane_rejects_dx12_everywhere[run-b] PASSED [ 50%]
tests/test_nephele_evidence_report.py::test_mask_generator_rejects_nonreference_role_sources[cloud_shadow_mask] PASSED [ 50%]
tests/test_nephele_evidence_report.py::test_mask_generator_rejects_nonreference_role_sources[godray_roi_mask] PASSED [ 51%]
tests/test_nephele_evidence_report.py::test_mask_generator_rejects_nonreference_role_sources[shaft_mask] PASSED [ 51%]
tests/test_nephele_evidence_report.py::test_mask_generator_rejects_nonreference_role_sources[sky_cloud_mask] PASSED [ 52%]
tests/test_nephele_evidence_report.py::test_mask_generator_rejects_nonreference_role_sources[terrain_mask] PASSED [ 53%]
tests/test_nephele_evidence_report.py::test_rejects_untracked_fixture_blob_and_regenerated_mask_mismatch PASSED [ 53%]
tests/test_nephele_evidence_report.py::test_rejects_nonexistent_fixture_commit_even_when_json_claims_it PASSED [ 54%]
tests/test_nephele_evidence_report.py::test_rejects_self_selected_installed_path_even_with_matching_bytes PASSED [ 55%]
tests/test_nephele_evidence_report.py::test_rejects_impossible_accumulator_seed_or_cached_comparator[support] PASSED [ 55%]
tests/test_nephele_evidence_report.py::test_rejects_impossible_accumulator_seed_or_cached_comparator[seed] PASSED [ 56%]
tests/test_nephele_evidence_report.py::test_rejects_impossible_accumulator_seed_or_cached_comparator[cache] PASSED [ 57%]
tests/test_nephele_evidence_report.py::test_rejects_unbound_comparator_or_incomplete_majorant_domain[comparator-tool] PASSED [ 57%]
tests/test_nephele_evidence_report.py::test_rejects_unbound_comparator_or_incomplete_majorant_domain[medium] PASSED [ 58%]
tests/test_nephele_evidence_report.py::test_rejects_unbound_comparator_or_incomplete_majorant_domain[comparator-representation] PASSED [ 59%]
tests/test_nephele_evidence_report.py::test_rejects_unbound_comparator_or_incomplete_majorant_domain[domain] PASSED [ 59%]
tests/test_nephele_evidence_report.py::test_rejects_unbound_comparator_or_incomplete_majorant_domain[boundary-count] PASSED [ 60%]
tests/test_nephele_evidence_report.py::test_rejects_unbound_comparator_or_incomplete_majorant_domain[domain-tool] PASSED [ 61%]
tests/test_nephele_evidence_report.py::test_transported_medium_tampering_fails_closed[f16-hash] PASSED [ 61%]
tests/test_nephele_evidence_report.py::test_transported_medium_tampering_fails_closed[endpoint-sampling] PASSED [ 62%]
tests/test_nephele_evidence_report.py::test_transported_medium_tampering_fails_closed[n-minus-one-cells] PASSED [ 63%]
tests/test_nephele_evidence_report.py::test_transported_medium_tampering_fails_closed[sigma-metadata] PASSED [ 63%]
tests/test_nephele_evidence_report.py::test_rr_allows_contributions_above_one_but_rejects_negative_samples PASSED [ 64%]
tests/test_nephele_evidence_report.py::test_rejects_lying_shader_summary_and_compute_reachable_compare PASSED [ 65%]
tests/test_nephele_evidence_report.py::test_shader_analyzer_covers_all_tracked_wgsl_and_embedded_rust[outside-shader-directory] PASSED [ 65%]
tests/test_nephele_evidence_report.py::test_shader_analyzer_covers_all_tracked_wgsl_and_embedded_rust[embedded-rust] PASSED [ 66%]
tests/test_nephele_evidence_report.py::test_shader_analyzer_rejects_unsafe_source_routed_through_wrapper PASSED [ 67%]
tests/test_nephele_evidence_report.py::test_production_shader_constructions_resolve_and_naga_validate PASSED [ 67%]
tests/test_nephele_evidence_report.py::test_rejects_copyable_or_unbound_clean_runs[same-process] PASSED [ 68%]
tests/test_nephele_evidence_report.py::test_rejects_copyable_or_unbound_clean_runs[wrong-input] PASSED [ 69%]
tests/test_nephele_evidence_report.py::test_rejects_copyable_or_unbound_clean_runs[wrong-adapter] PASSED [ 69%]
tests/test_nephele_evidence_report.py::test_rejects_copyable_or_unbound_clean_runs[wrong-frame] PASSED [ 70%]
tests/test_nephele_evidence_report.py::test_junit_is_exact_six_case_multiset[duplicate] PASSED [ 71%]
tests/test_nephele_evidence_report.py::test_junit_is_exact_six_case_multiset[extra] PASSED [ 71%]
tests/test_nephele_evidence_report.py::test_junit_accepts_namespaces_and_rejects_false_suite_aggregates PASSED [ 72%]
tests/test_nephele_evidence_report.py::test_junit_rejects_cases_outside_validated_suites[<root><testcase classname="tests.test_nephele_physical" name="gate1_estimator_majorant_rr"/></root>] PASSED [ 73%]
tests/test_nephele_evidence_report.py::test_junit_rejects_cases_outside_validated_suites[<testsuites><testcase classname="tests.test_nephele_physical" name="gate1_estimator_majorant_rr"/></testsuites>] PASSED [ 73%]
tests/test_nephele_evidence_report.py::test_producers_execute_samples_and_bind_raw_outputs PASSED [ 74%]
tests/test_nephele_evidence_report.py::test_synthetic_unresolved_fixture_fails_closed PASSED [ 75%]
tests/test_nephele_evidence_report.py::test_synthetic_unresolved_gate4_policy_fails_closed PASSED [ 75%]
tests/test_nephele_evidence_report.py::test_gate4_rejects_unapproved_aggregation[aggregation0] PASSED [ 76%]
tests/test_nephele_evidence_report.py::test_gate4_rejects_unapproved_aggregation[aggregation1] PASSED [ 76%]
tests/test_nephele_evidence_report.py::test_cli_has_no_arbitrary_fixture_override_and_writes_structured_error PASSED [ 77%]
tests/test_nephele_evidence_report.py::test_tracked_approved_fixture_verifies_and_inventory_is_exact PASSED [ 78%]
tests/test_nephele_evidence_report.py::test_gate4_owner_fraction_boundary_and_self_approval_rejection PASSED [ 78%]
tests/test_nephele_evidence_report.py::test_shader_source_parts_preserve_order_and_strip_contract PASSED [ 79%]
tests/test_nephele_evidence_report.py::test_gate2_count_is_read_from_artifact_not_hardcoded PASSED [ 80%]
tests/test_nephele_fixture_contracts.py::test_b6_environment_reference_rejects_unbound_inputs_before_gpu[array] PASSED [ 80%]
tests/test_nephele_fixture_contracts.py::test_b6_environment_reference_rejects_unbound_inputs_before_gpu[native] PASSED [ 81%]
tests/test_nephele_fixture_contracts.py::test_b6_environment_reference_rejects_unbound_inputs_before_gpu[samples] PASSED [ 82%]
tests/test_nephele_fixture_contracts.py::test_b6_environment_reference_rejects_unbound_inputs_before_gpu[sun] PASSED [ 82%]
tests/test_nephele_fixture_contracts.py::test_original_b1_audit_hashes_remain_valid PASSED [ 83%]
tests/test_nephele_fixture_contracts.py::test_b1_registered_control_binds_plan_and_rejects_tampering PASSED [ 84%]
tests/test_nephele_fixture_contracts.py::test_b1_generator_rejects_changed_plan_before_runtime_validation PASSED [ 84%]
tests/test_nephele_fixture_contracts.py::test_b1_generator_rejects_wrong_imported_native PASSED [ 85%]
tests/test_nephele_fixture_contracts.py::test_reference_tag_preserves_provenance_source_revision PASSED [ 86%]
tests/test_nephele_fixture_contracts.py::test_blue_noise_is_generated_rank_data_with_bound_source_and_license PASSED [ 86%]
tests/test_nephele_fixture_contracts.py::test_reference_only_mask_equations_and_shaft_depth_fail_closed PASSED [ 87%]
tests/test_nephele_fixture_contracts.py::test_convergence_uses_actual_gate3_and_approved_gate4_metrics PASSED [ 88%]
tests/test_nephele_fixture_contracts.py::test_spatial_partition_is_exact_and_worker_independent PASSED [ 88%]
tests/test_nephele_fixture_contracts.py::test_reference_density_shape_and_scale_fail_closed PASSED [ 89%]
tests/test_nephele_fixture_contracts.py::test_fixture_medium_binds_exact_f16_transport_and_n_cubed_majorants PASSED [ 90%]
tests/test_nephele_fixture_contracts.py::test_fixture_manifest_hashes_every_input_and_masks_regenerate PASSED [ 90%]
tests/test_nephele_fixture_contracts.py::test_gate4_and_exhaustive_lane_inventory_are_literal PASSED [ 91%]
tests/test_nephele_public_api.py::test_medium_and_integrated_reference_execute_the_public_wrapper PASSED [ 92%]
tests/test_nephele_public_api.py::test_medium_validation_errors_remain_structured PASSED [ 92%]
tests/test_nephele_public_api.py::test_viewer_media_attach_remove_and_type_error_execute PASSED [ 93%]
tests/test_nephele_public_api.py::test_native_terrain_params_media_roundtrip_returns_public_wrapper PASSED [ 94%]
tests/test_nephele_public_api.py::test_terrain_shading_model_roundtrip_is_independent_of_media[stylized] PASSED [ 94%]
tests/test_nephele_public_api.py::test_terrain_shading_model_roundtrip_is_independent_of_media[lambert_physical] PASSED [ 95%]
tests/test_nephele_public_api.py::test_terrain_shading_model_defaults_and_invalid_values_fail_at_both_boundaries PASSED [ 96%]
tests/test_nephele_public_api.py::test_media_aov_settings_execute PASSED [ 96%]
tests/test_nephele_public_api.py::test_media_public_inventory_stubs_and_aov_methods_are_complete PASSED [ 97%]
tests/test_nephele_public_api.py::test_native_media_aov_and_diagnostic_names_are_registered PASSED [ 98%]
tests/test_nephele_public_api.py::test_live_viewer_paths_prepare_terrain_trace_before_encode PASSED [ 98%]
tests/test_nephele_public_api.py::test_executed_beer_residual_is_independently_derived_and_nonzero PASSED [ 99%]
tests/test_nephele_public_api.py::test_temporal_depth_uses_one_depth32_code_not_exact_float_equality PASSED [100%]

- generated xml file: D:\forge3d\.worktrees\nephele-172-completion\.tmp\nephele-completion\final-nephele-junit.xml -
====================== 152 passed in 1178.35s (0:19:38) =======================
