F                                                                        [100%]
================================== FAILURES ===================================
_____________ test_producers_execute_samples_and_bind_raw_outputs _____________
tests\test_nephele_evidence_report.py:1480: in test_producers_execute_samples_and_bind_raw_outputs
    persisted = json.loads(json.dumps(probe, allow_nan=False))
                           ^^^^^^^^^^^^^^^^^^^^^^^^^^^^^^^^^^
C:\Users\milos\AppData\Local\Programs\Python\Python313\Lib\json\__init__.py:242: in dumps
    **kw).encode(obj)
          ^^^^^^^^^^^
C:\Users\milos\AppData\Local\Programs\Python\Python313\Lib\json\encoder.py:202: in encode
    chunks = self.iterencode(o, _one_shot=True)
             ^^^^^^^^^^^^^^^^^^^^^^^^^^^^^^^^^^
C:\Users\milos\AppData\Local\Programs\Python\Python313\Lib\json\encoder.py:263: in iterencode
    return _iterencode(o, 0)
           ^^^^^^^^^^^^^^^^^
C:\Users\milos\AppData\Local\Programs\Python\Python313\Lib\json\encoder.py:182: in default
    raise TypeError(f'Object of type {o.__class__.__name__} '
E   TypeError: Object of type int64 is not JSON serializable
=========================== short test summary info ===========================
FAILED tests/test_nephele_evidence_report.py::test_producers_execute_samples_and_bind_raw_outputs
1 failed in 0.99s
